// Jest Snapshot v1, https://goo.gl/fbAQLP

exports[`footer renders correctly 1`] = `
<div
  className="sc-bdVaJa dOBmDv"
>
  <img
    src="homepage.svg"
  />
  <img
    src="shopping-cart.svg"
  />
  <img
    src="avatar.svg"
  />
</div>
`;

exports[`renders correctly 1`] = `
<div
  className="sc-bdVaJa dOBmDv"
>
  <img
    src="homepage.svg"
  />
  <img
    src="shopping-cart.svg"
  />
  <img
    src="avatar.svg"
  />
</div>
`;
